// Jest Snapshot v1, https://goo.gl/fbAQLP

exports[`App renders 1`] = `
<main
  className=""
>
  <article
    className=" homeBg flex  flex-col text-white items-end p-8"
  >
    <h3
      className="flex flex-col text-2xl font-bold items-end"
    >
      2023
      <span>
        Phone Specs
      </span>
    </h3>
    <h4
      className="flex flex-col items-center"
    >
      0
          Brands
    </h4>
  </article>
  <h3
    className="text-white px-3 py-1 border bg-rose-500 border-[#e0407d] text-xl shadow-xl"
  >
    All Brands Stats
  </h3>
  <div
    className="flex w-full px-4 py-3 border-rose-500 border bg-rose-600 text-rose-200 font-semibold"
  >
    <h3
      className="flex flex-col text-xl flex-1 justify-between items-center"
    >
      0
      <span
        className="text-sm"
      >
         Brands
      </span>
    </h3>
    <h3
      className="flex flex-col text-xl flex-1 justify-between items-center"
    >
      0
      <span
        className="text-sm"
      >
        Views
      </span>
    </h3>
    <h3
      className="flex flex-col text-xl flex-1 justify-between items-center"
    >
      0
      <span
        className="text-sm"
      >
        Likes
      </span>
    </h3>
    <h3
      className="flex flex-col text-xl flex-1 justify-between items-center"
    >
      0
      <span
        className="text-sm"
      >
        Orders
      </span>
    </h3>
  </div>
  <section
    className="cards grid grid-cols-2 w-full justify-center items-center"
  />
</main>
`;
